main.c:66:6:display7SEG	32	static
main.c:72:6:clear	8	static
main.c:77:6:enable	16	static
main.c:80:6:EnableLed	8	static
main.c:86:6:update7SEG	16	static
main.c:114:6:updateClockBuffer	4	static
main.c:125:6:setTimer0	16	static
main.c:129:6:timer_run	4	static
main.c:141:5:main	8	static
main.c:190:6:SystemClock_Config	72	static
main.c:226:13:MX_TIM2_Init	32	static
main.c:271:13:MX_GPIO_Init	32	static
main.c:308:6:HAL_TIM_PeriodElapsedCallback	16	static
main.c:317:6:Error_Handler	4	static,ignoring_inline_asm
