main.c:65:6:display7SEG	32	static
main.c:71:6:clear	8	static
main.c:76:6:clearPin	16	static
main.c:79:6:enable	16	static
main.c:82:6:EnableLed	8	static
main.c:88:6:update7SEG	16	static
main.c:116:6:updateClockBuffer	4	static
main.c:126:6:setTimer1	16	static
main.c:133:6:setTimer2	16	static
main.c:140:6:setTimer3	16	static
main.c:144:6:timer_run	4	static
main.c:169:6:setCol	16	static
main.c:180:6:setRow	8	static
main.c:190:6:updateLEDMatrix	16	static
main.c:235:5:main	8	static
main.c:309:6:SystemClock_Config	72	static
main.c:345:13:MX_TIM2_Init	32	static
main.c:390:13:MX_GPIO_Init	32	static
main.c:439:6:HAL_TIM_PeriodElapsedCallback	16	static
main.c:448:6:Error_Handler	4	static,ignoring_inline_asm
